2026-04-19 14:35:12,642 INFO: Todo App started [in D:\Abishek\DEVOPS_EMC\Project\todo_app\app.py:34]
2026-04-19 14:35:13,515 INFO: Todo App started [in D:\Abishek\DEVOPS_EMC\Project\todo_app\app.py:34]
2026-04-19 14:35:45,174 INFO: Attempting registration for username: abisheksivanandham [in D:\Abishek\DEVOPS_EMC\Project\todo_app\app.py:102]
2026-04-19 14:35:45,663 INFO: User registered successfully: abisheksivanandham [in D:\Abishek\DEVOPS_EMC\Project\todo_app\app.py:128]
2026-04-19 14:35:57,646 INFO: Login attempt for email: abisheksivanandham@gmail.com [in D:\Abishek\DEVOPS_EMC\Project\todo_app\app.py:153]
2026-04-19 14:35:57,872 INFO: Successful login for user: abisheksivanandham (ID: 2) [in D:\Abishek\DEVOPS_EMC\Project\todo_app\app.py:169]
2026-04-19 14:39:12,428 INFO: Todo App started [in D:\Abishek\DEVOPS_EMC\Project\todo_app\app.py:34]
2026-04-19 14:39:13,129 INFO: Todo App started [in D:\Abishek\DEVOPS_EMC\Project\todo_app\app.py:34]
2026-04-19 14:39:21,788 INFO: User logged out: abisheksivanandham (ID: 2) [in D:\Abishek\DEVOPS_EMC\Project\todo_app\app.py:187]
2026-04-19 14:39:23,352 INFO: Login attempt for email: abisheksivanandham@gmail.com [in D:\Abishek\DEVOPS_EMC\Project\todo_app\app.py:153]
2026-04-19 14:39:23,789 INFO: Successful login for user: abisheksivanandham (ID: 2) [in D:\Abishek\DEVOPS_EMC\Project\todo_app\app.py:169]
2026-04-19 14:39:58,557 INFO: Adding todo for user 2: Devops CI CD Pipeline [in D:\Abishek\DEVOPS_EMC\Project\todo_app\app.py:235]
2026-04-19 14:39:58,646 INFO: Todo added successfully for user 2: Devops CI CD Pipeline [in D:\Abishek\DEVOPS_EMC\Project\todo_app\app.py:250]
2026-04-19 14:40:05,477 INFO: Toggling todo 3 for user 2 [in D:\Abishek\DEVOPS_EMC\Project\todo_app\app.py:263]
2026-04-19 14:40:05,557 INFO: Todo 3 toggled successfully for user 2 [in D:\Abishek\DEVOPS_EMC\Project\todo_app\app.py:278]
2026-04-19 14:40:07,384 INFO: Toggling todo 3 for user 2 [in D:\Abishek\DEVOPS_EMC\Project\todo_app\app.py:263]
2026-04-19 14:40:07,459 INFO: Todo 3 toggled successfully for user 2 [in D:\Abishek\DEVOPS_EMC\Project\todo_app\app.py:278]
2026-04-19 14:40:15,976 INFO: Toggling todo 3 for user 2 [in D:\Abishek\DEVOPS_EMC\Project\todo_app\app.py:263]
2026-04-19 14:40:16,061 INFO: Todo 3 toggled successfully for user 2 [in D:\Abishek\DEVOPS_EMC\Project\todo_app\app.py:278]
2026-04-19 14:40:20,084 INFO: Toggling todo 3 for user 2 [in D:\Abishek\DEVOPS_EMC\Project\todo_app\app.py:263]
2026-04-19 14:40:20,168 INFO: Todo 3 toggled successfully for user 2 [in D:\Abishek\DEVOPS_EMC\Project\todo_app\app.py:278]
2026-04-19 14:40:21,377 INFO: User logged out: abisheksivanandham (ID: 2) [in D:\Abishek\DEVOPS_EMC\Project\todo_app\app.py:187]
